// Jest Snapshot v1, https://goo.gl/fbAQLP

exports[`<LanguageFilter /> should render correctly initial state 1`] = `ReactWrapper {}`;
